// Jest Snapshot v1, https://goo.gl/fbAQLP

exports[`<SignUp /> renders and matches snapshot 1`] = `
<div>
  <form
    class="Form-sc-1xszr8q-0 hVEEdl"
    method="POST"
  >
    <h2>
      Sign up for an account
    </h2>
    <fieldset
      aria-busy="false"
    >
      <label
        for="name"
      >
        Name
        <input
          autocomplete="name"
          id="name"
          name="name"
          placeholder="Your name"
          type="name"
          value=""
        />
      </label>
      <label
        for="email"
      >
        Email
        <input
          autocomplete="email"
          id="email"
          name="email"
          placeholder="Your Email Address"
          type="email"
          value=""
        />
      </label>
      <label
        for="password"
      >
        Password
        <input
          id="password"
          name="password"
          placeholder="Password"
          type="password"
          value=""
        />
      </label>
    </fieldset>
    <button
      type="submit"
    >
      Sign Up
    </button>
  </form>
</div>
`;
