// Jest Snapshot v1, https://goo.gl/fbAQLP

exports[`<SingleProduct /> Errors when an item is not found 1`] = `
<div>
  <div
    class="ErrorMessage__ErrorStyles-sc-11u5fgj-0 cEfbva"
  >
    <p
      data-testid="graphql-error"
    >
      <strong>
        Shoot!
      </strong>
      Item not found!
    </p>
  </div>
</div>
`;

exports[`<SingleProduct /> renders with proper data 1`] = `
<div>
  <div
    class="SingleProduct__ProductStyles-sc-1kapz8w-0 iNxJev"
    data-testid="singleProduct"
  >
    <img
      alt="dogs are best"
      src="dog.jpg"
    />
    <div
      class="details"
    >
      <h2>
        dogs are best
      </h2>
      <p>
        dogs
      </p>
    </div>
  </div>
</div>
`;
